// Jest Snapshot v1, https://goo.gl/fbAQLP

exports[`should match snapshot 1`] = `
<div>
  
    
  <h1
    data-testid="title"
  >
    My Title
  </h1>
  
    
  <div
    data-testid="content"
  >
    My Content
  </div>
  
  
</div>
`;
